#0	/home/infri/develop/raptor/test/data/bin1.fa
#QUERY_NAME	USER_BINS
query1	0
query2	0
query3	0
