#0	/home/infri/develop/raptor/build/GCC-11.2.0-Debug/test/data/bin1.fa
#QUERY_NAME	USER_BINS
query1	
query2	
query3	
