#0	/home/infri/develop/raptor/test/data/bin4.fa
#1	/home/infri/develop/raptor/test/data/bin3.fa
#2	/home/infri/develop/raptor/test/data/bin2.fa
#3	/home/infri/develop/raptor/test/data/bin1.fa
#4	/home/infri/develop/raptor/test/data/bin4.fa
#5	/home/infri/develop/raptor/test/data/bin3.fa
#6	/home/infri/develop/raptor/test/data/bin2.fa
#7	/home/infri/develop/raptor/test/data/bin1.fa
#8	/home/infri/develop/raptor/test/data/bin4.fa
#9	/home/infri/develop/raptor/test/data/bin3.fa
#10	/home/infri/develop/raptor/test/data/bin2.fa
#11	/home/infri/develop/raptor/test/data/bin1.fa
#12	/home/infri/develop/raptor/test/data/bin4.fa
#13	/home/infri/develop/raptor/test/data/bin3.fa
#14	/home/infri/develop/raptor/test/data/bin2.fa
#15	/home/infri/develop/raptor/test/data/bin1.fa
#16	/home/infri/develop/raptor/test/data/bin4.fa
#17	/home/infri/develop/raptor/test/data/bin3.fa
#18	/home/infri/develop/raptor/test/data/bin2.fa
#19	/home/infri/develop/raptor/test/data/bin1.fa
#20	/home/infri/develop/raptor/test/data/bin4.fa
#21	/home/infri/develop/raptor/test/data/bin3.fa
#22	/home/infri/develop/raptor/test/data/bin2.fa
#23	/home/infri/develop/raptor/test/data/bin1.fa
#24	/home/infri/develop/raptor/test/data/bin4.fa
#25	/home/infri/develop/raptor/test/data/bin3.fa
#26	/home/infri/develop/raptor/test/data/bin2.fa
#27	/home/infri/develop/raptor/test/data/bin1.fa
#28	/home/infri/develop/raptor/test/data/bin4.fa
#29	/home/infri/develop/raptor/test/data/bin3.fa
#30	/home/infri/develop/raptor/test/data/bin2.fa
#31	/home/infri/develop/raptor/test/data/bin1.fa
#32	/home/infri/develop/raptor/test/data/bin4.fa
#33	/home/infri/develop/raptor/test/data/bin3.fa
#34	/home/infri/develop/raptor/test/data/bin2.fa
#35	/home/infri/develop/raptor/test/data/bin1.fa
#36	/home/infri/develop/raptor/test/data/bin4.fa
#37	/home/infri/develop/raptor/test/data/bin3.fa
#38	/home/infri/develop/raptor/test/data/bin2.fa
#39	/home/infri/develop/raptor/test/data/bin1.fa
#40	/home/infri/develop/raptor/test/data/bin4.fa
#41	/home/infri/develop/raptor/test/data/bin3.fa
#42	/home/infri/develop/raptor/test/data/bin2.fa
#43	/home/infri/develop/raptor/test/data/bin1.fa
#44	/home/infri/develop/raptor/test/data/bin4.fa
#45	/home/infri/develop/raptor/test/data/bin3.fa
#46	/home/infri/develop/raptor/test/data/bin2.fa
#47	/home/infri/develop/raptor/test/data/bin1.fa
#48	/home/infri/develop/raptor/test/data/bin4.fa
#49	/home/infri/develop/raptor/test/data/bin3.fa
#50	/home/infri/develop/raptor/test/data/bin2.fa
#51	/home/infri/develop/raptor/test/data/bin1.fa
#52	/home/infri/develop/raptor/test/data/bin4.fa
#53	/home/infri/develop/raptor/test/data/bin3.fa
#54	/home/infri/develop/raptor/test/data/bin2.fa
#55	/home/infri/develop/raptor/test/data/bin1.fa
#56	/home/infri/develop/raptor/test/data/bin4.fa
#57	/home/infri/develop/raptor/test/data/bin3.fa
#58	/home/infri/develop/raptor/test/data/bin2.fa
#59	/home/infri/develop/raptor/test/data/bin1.fa
#60	/home/infri/develop/raptor/test/data/bin4.fa
#61	/home/infri/develop/raptor/test/data/bin3.fa
#62	/home/infri/develop/raptor/test/data/bin2.fa
#63	/home/infri/develop/raptor/test/data/bin1.fa
#QUERY_NAME	USER_BINS
query1	1,2,3,5,6,7,9,10,11,13,14,15,17,18,19,21,22,23,25,26,27,29,30,31,33,34,35,37,38,39,41,42,43,45,46,47,49,50,51,53,54,55,57,58,59,61,62,63
query2	1,2,3,5,6,7,9,10,11,13,14,15,17,18,19,21,22,23,25,26,27,29,30,31,33,34,35,37,38,39,41,42,43,45,46,47,49,50,51,53,54,55,57,58,59,61,62,63
query3	1,2,3,5,6,7,9,10,11,13,14,15,17,18,19,21,22,23,25,26,27,29,30,31,33,34,35,37,38,39,41,42,43,45,46,47,49,50,51,53,54,55,57,58,59,61,62,63
