#0	/home/infri/develop/raptor/build/GCC-11.1.0-RelWithDebInfo/test/data/bin1.fa
#1	/home/infri/develop/raptor/build/GCC-11.1.0-RelWithDebInfo/test/data/bin2.fa
#2	/home/infri/develop/raptor/build/GCC-11.1.0-RelWithDebInfo/test/data/bin3.fa
#3	/home/infri/develop/raptor/build/GCC-11.1.0-RelWithDebInfo/test/data/bin4.fa
#4	/home/infri/develop/raptor/build/GCC-11.1.0-RelWithDebInfo/test/data/bin1.fa
#5	/home/infri/develop/raptor/build/GCC-11.1.0-RelWithDebInfo/test/data/bin2.fa
#6	/home/infri/develop/raptor/build/GCC-11.1.0-RelWithDebInfo/test/data/bin3.fa
#7	/home/infri/develop/raptor/build/GCC-11.1.0-RelWithDebInfo/test/data/bin4.fa
#8	/home/infri/develop/raptor/build/GCC-11.1.0-RelWithDebInfo/test/data/bin1.fa
#9	/home/infri/develop/raptor/build/GCC-11.1.0-RelWithDebInfo/test/data/bin2.fa
#10	/home/infri/develop/raptor/build/GCC-11.1.0-RelWithDebInfo/test/data/bin3.fa
#11	/home/infri/develop/raptor/build/GCC-11.1.0-RelWithDebInfo/test/data/bin4.fa
#12	/home/infri/develop/raptor/build/GCC-11.1.0-RelWithDebInfo/test/data/bin1.fa
#13	/home/infri/develop/raptor/build/GCC-11.1.0-RelWithDebInfo/test/data/bin2.fa
#14	/home/infri/develop/raptor/build/GCC-11.1.0-RelWithDebInfo/test/data/bin3.fa
#15	/home/infri/develop/raptor/build/GCC-11.1.0-RelWithDebInfo/test/data/bin4.fa
#16	/home/infri/develop/raptor/build/GCC-11.1.0-RelWithDebInfo/test/data/bin1.fa
#17	/home/infri/develop/raptor/build/GCC-11.1.0-RelWithDebInfo/test/data/bin2.fa
#18	/home/infri/develop/raptor/build/GCC-11.1.0-RelWithDebInfo/test/data/bin3.fa
#19	/home/infri/develop/raptor/build/GCC-11.1.0-RelWithDebInfo/test/data/bin4.fa
#20	/home/infri/develop/raptor/build/GCC-11.1.0-RelWithDebInfo/test/data/bin1.fa
#21	/home/infri/develop/raptor/build/GCC-11.1.0-RelWithDebInfo/test/data/bin2.fa
#22	/home/infri/develop/raptor/build/GCC-11.1.0-RelWithDebInfo/test/data/bin3.fa
#23	/home/infri/develop/raptor/build/GCC-11.1.0-RelWithDebInfo/test/data/bin4.fa
#24	/home/infri/develop/raptor/build/GCC-11.1.0-RelWithDebInfo/test/data/bin1.fa
#25	/home/infri/develop/raptor/build/GCC-11.1.0-RelWithDebInfo/test/data/bin2.fa
#26	/home/infri/develop/raptor/build/GCC-11.1.0-RelWithDebInfo/test/data/bin3.fa
#27	/home/infri/develop/raptor/build/GCC-11.1.0-RelWithDebInfo/test/data/bin4.fa
#28	/home/infri/develop/raptor/build/GCC-11.1.0-RelWithDebInfo/test/data/bin1.fa
#29	/home/infri/develop/raptor/build/GCC-11.1.0-RelWithDebInfo/test/data/bin2.fa
#30	/home/infri/develop/raptor/build/GCC-11.1.0-RelWithDebInfo/test/data/bin3.fa
#31	/home/infri/develop/raptor/build/GCC-11.1.0-RelWithDebInfo/test/data/bin4.fa
#32	/home/infri/develop/raptor/build/GCC-11.1.0-RelWithDebInfo/test/data/bin1.fa
#33	/home/infri/develop/raptor/build/GCC-11.1.0-RelWithDebInfo/test/data/bin2.fa
#34	/home/infri/develop/raptor/build/GCC-11.1.0-RelWithDebInfo/test/data/bin3.fa
#35	/home/infri/develop/raptor/build/GCC-11.1.0-RelWithDebInfo/test/data/bin4.fa
#36	/home/infri/develop/raptor/build/GCC-11.1.0-RelWithDebInfo/test/data/bin1.fa
#37	/home/infri/develop/raptor/build/GCC-11.1.0-RelWithDebInfo/test/data/bin2.fa
#38	/home/infri/develop/raptor/build/GCC-11.1.0-RelWithDebInfo/test/data/bin3.fa
#39	/home/infri/develop/raptor/build/GCC-11.1.0-RelWithDebInfo/test/data/bin4.fa
#40	/home/infri/develop/raptor/build/GCC-11.1.0-RelWithDebInfo/test/data/bin1.fa
#41	/home/infri/develop/raptor/build/GCC-11.1.0-RelWithDebInfo/test/data/bin2.fa
#42	/home/infri/develop/raptor/build/GCC-11.1.0-RelWithDebInfo/test/data/bin3.fa
#43	/home/infri/develop/raptor/build/GCC-11.1.0-RelWithDebInfo/test/data/bin4.fa
#44	/home/infri/develop/raptor/build/GCC-11.1.0-RelWithDebInfo/test/data/bin1.fa
#45	/home/infri/develop/raptor/build/GCC-11.1.0-RelWithDebInfo/test/data/bin2.fa
#46	/home/infri/develop/raptor/build/GCC-11.1.0-RelWithDebInfo/test/data/bin3.fa
#47	/home/infri/develop/raptor/build/GCC-11.1.0-RelWithDebInfo/test/data/bin4.fa
#48	/home/infri/develop/raptor/build/GCC-11.1.0-RelWithDebInfo/test/data/bin1.fa
#49	/home/infri/develop/raptor/build/GCC-11.1.0-RelWithDebInfo/test/data/bin2.fa
#50	/home/infri/develop/raptor/build/GCC-11.1.0-RelWithDebInfo/test/data/bin3.fa
#51	/home/infri/develop/raptor/build/GCC-11.1.0-RelWithDebInfo/test/data/bin4.fa
#52	/home/infri/develop/raptor/build/GCC-11.1.0-RelWithDebInfo/test/data/bin1.fa
#53	/home/infri/develop/raptor/build/GCC-11.1.0-RelWithDebInfo/test/data/bin2.fa
#54	/home/infri/develop/raptor/build/GCC-11.1.0-RelWithDebInfo/test/data/bin3.fa
#55	/home/infri/develop/raptor/build/GCC-11.1.0-RelWithDebInfo/test/data/bin4.fa
#56	/home/infri/develop/raptor/build/GCC-11.1.0-RelWithDebInfo/test/data/bin1.fa
#57	/home/infri/develop/raptor/build/GCC-11.1.0-RelWithDebInfo/test/data/bin2.fa
#58	/home/infri/develop/raptor/build/GCC-11.1.0-RelWithDebInfo/test/data/bin3.fa
#59	/home/infri/develop/raptor/build/GCC-11.1.0-RelWithDebInfo/test/data/bin4.fa
#60	/home/infri/develop/raptor/build/GCC-11.1.0-RelWithDebInfo/test/data/bin1.fa
#61	/home/infri/develop/raptor/build/GCC-11.1.0-RelWithDebInfo/test/data/bin2.fa
#62	/home/infri/develop/raptor/build/GCC-11.1.0-RelWithDebInfo/test/data/bin3.fa
#63	/home/infri/develop/raptor/build/GCC-11.1.0-RelWithDebInfo/test/data/bin4.fa
#64	/home/infri/develop/raptor/build/GCC-11.1.0-RelWithDebInfo/test/data/bin1.fa
#65	/home/infri/develop/raptor/build/GCC-11.1.0-RelWithDebInfo/test/data/bin2.fa
#66	/home/infri/develop/raptor/build/GCC-11.1.0-RelWithDebInfo/test/data/bin3.fa
#67	/home/infri/develop/raptor/build/GCC-11.1.0-RelWithDebInfo/test/data/bin4.fa
#68	/home/infri/develop/raptor/build/GCC-11.1.0-RelWithDebInfo/test/data/bin1.fa
#69	/home/infri/develop/raptor/build/GCC-11.1.0-RelWithDebInfo/test/data/bin2.fa
#70	/home/infri/develop/raptor/build/GCC-11.1.0-RelWithDebInfo/test/data/bin3.fa
#71	/home/infri/develop/raptor/build/GCC-11.1.0-RelWithDebInfo/test/data/bin4.fa
#72	/home/infri/develop/raptor/build/GCC-11.1.0-RelWithDebInfo/test/data/bin1.fa
#73	/home/infri/develop/raptor/build/GCC-11.1.0-RelWithDebInfo/test/data/bin2.fa
#74	/home/infri/develop/raptor/build/GCC-11.1.0-RelWithDebInfo/test/data/bin3.fa
#75	/home/infri/develop/raptor/build/GCC-11.1.0-RelWithDebInfo/test/data/bin4.fa
#76	/home/infri/develop/raptor/build/GCC-11.1.0-RelWithDebInfo/test/data/bin1.fa
#77	/home/infri/develop/raptor/build/GCC-11.1.0-RelWithDebInfo/test/data/bin2.fa
#78	/home/infri/develop/raptor/build/GCC-11.1.0-RelWithDebInfo/test/data/bin3.fa
#79	/home/infri/develop/raptor/build/GCC-11.1.0-RelWithDebInfo/test/data/bin4.fa
#80	/home/infri/develop/raptor/build/GCC-11.1.0-RelWithDebInfo/test/data/bin1.fa
#81	/home/infri/develop/raptor/build/GCC-11.1.0-RelWithDebInfo/test/data/bin2.fa
#82	/home/infri/develop/raptor/build/GCC-11.1.0-RelWithDebInfo/test/data/bin3.fa
#83	/home/infri/develop/raptor/build/GCC-11.1.0-RelWithDebInfo/test/data/bin4.fa
#84	/home/infri/develop/raptor/build/GCC-11.1.0-RelWithDebInfo/test/data/bin1.fa
#85	/home/infri/develop/raptor/build/GCC-11.1.0-RelWithDebInfo/test/data/bin2.fa
#86	/home/infri/develop/raptor/build/GCC-11.1.0-RelWithDebInfo/test/data/bin3.fa
#87	/home/infri/develop/raptor/build/GCC-11.1.0-RelWithDebInfo/test/data/bin4.fa
#88	/home/infri/develop/raptor/build/GCC-11.1.0-RelWithDebInfo/test/data/bin1.fa
#89	/home/infri/develop/raptor/build/GCC-11.1.0-RelWithDebInfo/test/data/bin2.fa
#90	/home/infri/develop/raptor/build/GCC-11.1.0-RelWithDebInfo/test/data/bin3.fa
#91	/home/infri/develop/raptor/build/GCC-11.1.0-RelWithDebInfo/test/data/bin4.fa
#92	/home/infri/develop/raptor/build/GCC-11.1.0-RelWithDebInfo/test/data/bin1.fa
#93	/home/infri/develop/raptor/build/GCC-11.1.0-RelWithDebInfo/test/data/bin2.fa
#94	/home/infri/develop/raptor/build/GCC-11.1.0-RelWithDebInfo/test/data/bin3.fa
#95	/home/infri/develop/raptor/build/GCC-11.1.0-RelWithDebInfo/test/data/bin4.fa
#96	/home/infri/develop/raptor/build/GCC-11.1.0-RelWithDebInfo/test/data/bin1.fa
#97	/home/infri/develop/raptor/build/GCC-11.1.0-RelWithDebInfo/test/data/bin2.fa
#98	/home/infri/develop/raptor/build/GCC-11.1.0-RelWithDebInfo/test/data/bin3.fa
#99	/home/infri/develop/raptor/build/GCC-11.1.0-RelWithDebInfo/test/data/bin4.fa
#100	/home/infri/develop/raptor/build/GCC-11.1.0-RelWithDebInfo/test/data/bin1.fa
#101	/home/infri/develop/raptor/build/GCC-11.1.0-RelWithDebInfo/test/data/bin2.fa
#102	/home/infri/develop/raptor/build/GCC-11.1.0-RelWithDebInfo/test/data/bin3.fa
#103	/home/infri/develop/raptor/build/GCC-11.1.0-RelWithDebInfo/test/data/bin4.fa
#104	/home/infri/develop/raptor/build/GCC-11.1.0-RelWithDebInfo/test/data/bin1.fa
#105	/home/infri/develop/raptor/build/GCC-11.1.0-RelWithDebInfo/test/data/bin2.fa
#106	/home/infri/develop/raptor/build/GCC-11.1.0-RelWithDebInfo/test/data/bin3.fa
#107	/home/infri/develop/raptor/build/GCC-11.1.0-RelWithDebInfo/test/data/bin4.fa
#108	/home/infri/develop/raptor/build/GCC-11.1.0-RelWithDebInfo/test/data/bin1.fa
#109	/home/infri/develop/raptor/build/GCC-11.1.0-RelWithDebInfo/test/data/bin2.fa
#110	/home/infri/develop/raptor/build/GCC-11.1.0-RelWithDebInfo/test/data/bin3.fa
#111	/home/infri/develop/raptor/build/GCC-11.1.0-RelWithDebInfo/test/data/bin4.fa
#112	/home/infri/develop/raptor/build/GCC-11.1.0-RelWithDebInfo/test/data/bin1.fa
#113	/home/infri/develop/raptor/build/GCC-11.1.0-RelWithDebInfo/test/data/bin2.fa
#114	/home/infri/develop/raptor/build/GCC-11.1.0-RelWithDebInfo/test/data/bin3.fa
#115	/home/infri/develop/raptor/build/GCC-11.1.0-RelWithDebInfo/test/data/bin4.fa
#116	/home/infri/develop/raptor/build/GCC-11.1.0-RelWithDebInfo/test/data/bin1.fa
#117	/home/infri/develop/raptor/build/GCC-11.1.0-RelWithDebInfo/test/data/bin2.fa
#118	/home/infri/develop/raptor/build/GCC-11.1.0-RelWithDebInfo/test/data/bin3.fa
#119	/home/infri/develop/raptor/build/GCC-11.1.0-RelWithDebInfo/test/data/bin4.fa
#120	/home/infri/develop/raptor/build/GCC-11.1.0-RelWithDebInfo/test/data/bin1.fa
#121	/home/infri/develop/raptor/build/GCC-11.1.0-RelWithDebInfo/test/data/bin2.fa
#122	/home/infri/develop/raptor/build/GCC-11.1.0-RelWithDebInfo/test/data/bin3.fa
#123	/home/infri/develop/raptor/build/GCC-11.1.0-RelWithDebInfo/test/data/bin4.fa
#124	/home/infri/develop/raptor/build/GCC-11.1.0-RelWithDebInfo/test/data/bin1.fa
#125	/home/infri/develop/raptor/build/GCC-11.1.0-RelWithDebInfo/test/data/bin2.fa
#126	/home/infri/develop/raptor/build/GCC-11.1.0-RelWithDebInfo/test/data/bin3.fa
#127	/home/infri/develop/raptor/build/GCC-11.1.0-RelWithDebInfo/test/data/bin4.fa
#QUERY_NAME	USER_BINS
query1	0,1,2,4,5,6,8,9,10,12,13,14,16,17,18,20,21,22,24,25,26,28,29,30,32,33,34,36,37,38,40,41,42,44,45,46,48,49,50,52,53,54,56,57,58,60,61,62,64,65,66,68,69,70,72,73,74,76,77,78,80,81,82,84,85,86,88,89,90,92,93,94,96,97,98,100,101,102,104,105,106,108,109,110,112,113,114,116,117,118,120,121,122,124,125,126
query2	0,1,2,4,5,6,8,9,10,12,13,14,16,17,18,20,21,22,24,25,26,28,29,30,32,33,34,36,37,38,40,41,42,44,45,46,48,49,50,52,53,54,56,57,58,60,61,62,64,65,66,68,69,70,72,73,74,76,77,78,80,81,82,84,85,86,88,89,90,92,93,94,96,97,98,100,101,102,104,105,106,108,109,110,112,113,114,116,117,118,120,121,122,124,125,126
query3	0,1,2,4,5,6,8,9,10,12,13,14,16,17,18,20,21,22,24,25,26,28,29,30,32,33,34,36,37,38,40,41,42,44,45,46,48,49,50,52,53,54,56,57,58,60,61,62,64,65,66,68,69,70,72,73,74,76,77,78,80,81,82,84,85,86,88,89,90,92,93,94,96,97,98,100,101,102,104,105,106,108,109,110,112,113,114,116,117,118,120,121,122,124,125,126
