ACGATCGACTAGGAGCGAT: 11111111111111111111111111111111111111111111111111111111111111111111111111111111111111111111111111111111111111111111111111111111
CGATTACGACTGACTACAT: 11101110111011101110111011101110111011101110111011101110111011101110111011101110111011101110111011101110111011101110111011101110
AGCTAGCTAGAGATTCTTC: 11111111111111111111111111111111111111111111111111111111111111111111111111111111111111111111111111111111111111111111111111111111
GCTAGCGATCTGATTCACG: 11111111111111111111111111111111111111111111111111111111111111111111111111111111111111111111111111111111111111111111111111111111
CGTGACGTACGTATCGTAC: 11101110111011101110111011101110111011101110111011101110111011101110111011101110111011101110111011101110111011101110111011101110
GTACGTGACGTACGTATCG: 11101110111011101110111011101110111011101110111011101110111011101110111011101110111011101110111011101110111011101110111011101110
TACTACGTATCGTACTACA: 11111111111111111111111111111111111111111111111111111111111111111111111111111111111111111111111111111111111111111111111111111111
CGTATCGTACTACATGCAT: 11111111111111111111111111111111111111111111111111111111111111111111111111111111111111111111111111111111111111111111111111111111
TGACGTACGTATCGTACTA: 11101110111011101110111011101110111011101110111011101110111011101110111011101110111011101110111011101110111011101110111011101110
