ACGATCGACTAGGAGCGAT: 1
CGATTACGACTGACTACAT: 1
AGCTAGCTAGAGATTCTTC: 1
GCTAGCGATCTGATTCACG: 1
CGTGACGTACGTATCGTAC: 1
GTACGTGACGTACGTATCG: 1
TACTACGTATCGTACTACA: 1
CGTATCGTACTACATGCAT: 1
TGACGTACGTATCGTACTA: 1
