#0	/home/infri/develop/raptor/build/GCC-11.1.0-RelWithDebInfo/test/data/bin1.fa
#1	/home/infri/develop/raptor/build/GCC-11.1.0-RelWithDebInfo/test/data/bin2.fa
#2	/home/infri/develop/raptor/build/GCC-11.1.0-RelWithDebInfo/test/data/bin3.fa
#3	/home/infri/develop/raptor/build/GCC-11.1.0-RelWithDebInfo/test/data/bin4.fa
#4	/home/infri/develop/raptor/build/GCC-11.1.0-RelWithDebInfo/test/data/bin1.fa
#5	/home/infri/develop/raptor/build/GCC-11.1.0-RelWithDebInfo/test/data/bin2.fa
#6	/home/infri/develop/raptor/build/GCC-11.1.0-RelWithDebInfo/test/data/bin3.fa
#7	/home/infri/develop/raptor/build/GCC-11.1.0-RelWithDebInfo/test/data/bin4.fa
#8	/home/infri/develop/raptor/build/GCC-11.1.0-RelWithDebInfo/test/data/bin1.fa
#9	/home/infri/develop/raptor/build/GCC-11.1.0-RelWithDebInfo/test/data/bin2.fa
#10	/home/infri/develop/raptor/build/GCC-11.1.0-RelWithDebInfo/test/data/bin3.fa
#11	/home/infri/develop/raptor/build/GCC-11.1.0-RelWithDebInfo/test/data/bin4.fa
#12	/home/infri/develop/raptor/build/GCC-11.1.0-RelWithDebInfo/test/data/bin1.fa
#13	/home/infri/develop/raptor/build/GCC-11.1.0-RelWithDebInfo/test/data/bin2.fa
#14	/home/infri/develop/raptor/build/GCC-11.1.0-RelWithDebInfo/test/data/bin3.fa
#15	/home/infri/develop/raptor/build/GCC-11.1.0-RelWithDebInfo/test/data/bin4.fa
#16	/home/infri/develop/raptor/build/GCC-11.1.0-RelWithDebInfo/test/data/bin1.fa
#17	/home/infri/develop/raptor/build/GCC-11.1.0-RelWithDebInfo/test/data/bin2.fa
#18	/home/infri/develop/raptor/build/GCC-11.1.0-RelWithDebInfo/test/data/bin3.fa
#19	/home/infri/develop/raptor/build/GCC-11.1.0-RelWithDebInfo/test/data/bin4.fa
#20	/home/infri/develop/raptor/build/GCC-11.1.0-RelWithDebInfo/test/data/bin1.fa
#21	/home/infri/develop/raptor/build/GCC-11.1.0-RelWithDebInfo/test/data/bin2.fa
#22	/home/infri/develop/raptor/build/GCC-11.1.0-RelWithDebInfo/test/data/bin3.fa
#23	/home/infri/develop/raptor/build/GCC-11.1.0-RelWithDebInfo/test/data/bin4.fa
#24	/home/infri/develop/raptor/build/GCC-11.1.0-RelWithDebInfo/test/data/bin1.fa
#25	/home/infri/develop/raptor/build/GCC-11.1.0-RelWithDebInfo/test/data/bin2.fa
#26	/home/infri/develop/raptor/build/GCC-11.1.0-RelWithDebInfo/test/data/bin3.fa
#27	/home/infri/develop/raptor/build/GCC-11.1.0-RelWithDebInfo/test/data/bin4.fa
#28	/home/infri/develop/raptor/build/GCC-11.1.0-RelWithDebInfo/test/data/bin1.fa
#29	/home/infri/develop/raptor/build/GCC-11.1.0-RelWithDebInfo/test/data/bin2.fa
#30	/home/infri/develop/raptor/build/GCC-11.1.0-RelWithDebInfo/test/data/bin3.fa
#31	/home/infri/develop/raptor/build/GCC-11.1.0-RelWithDebInfo/test/data/bin4.fa
#32	/home/infri/develop/raptor/build/GCC-11.1.0-RelWithDebInfo/test/data/bin1.fa
#33	/home/infri/develop/raptor/build/GCC-11.1.0-RelWithDebInfo/test/data/bin2.fa
#34	/home/infri/develop/raptor/build/GCC-11.1.0-RelWithDebInfo/test/data/bin3.fa
#35	/home/infri/develop/raptor/build/GCC-11.1.0-RelWithDebInfo/test/data/bin4.fa
#36	/home/infri/develop/raptor/build/GCC-11.1.0-RelWithDebInfo/test/data/bin1.fa
#37	/home/infri/develop/raptor/build/GCC-11.1.0-RelWithDebInfo/test/data/bin2.fa
#38	/home/infri/develop/raptor/build/GCC-11.1.0-RelWithDebInfo/test/data/bin3.fa
#39	/home/infri/develop/raptor/build/GCC-11.1.0-RelWithDebInfo/test/data/bin4.fa
#40	/home/infri/develop/raptor/build/GCC-11.1.0-RelWithDebInfo/test/data/bin1.fa
#41	/home/infri/develop/raptor/build/GCC-11.1.0-RelWithDebInfo/test/data/bin2.fa
#42	/home/infri/develop/raptor/build/GCC-11.1.0-RelWithDebInfo/test/data/bin3.fa
#43	/home/infri/develop/raptor/build/GCC-11.1.0-RelWithDebInfo/test/data/bin4.fa
#44	/home/infri/develop/raptor/build/GCC-11.1.0-RelWithDebInfo/test/data/bin1.fa
#45	/home/infri/develop/raptor/build/GCC-11.1.0-RelWithDebInfo/test/data/bin2.fa
#46	/home/infri/develop/raptor/build/GCC-11.1.0-RelWithDebInfo/test/data/bin3.fa
#47	/home/infri/develop/raptor/build/GCC-11.1.0-RelWithDebInfo/test/data/bin4.fa
#48	/home/infri/develop/raptor/build/GCC-11.1.0-RelWithDebInfo/test/data/bin1.fa
#49	/home/infri/develop/raptor/build/GCC-11.1.0-RelWithDebInfo/test/data/bin2.fa
#50	/home/infri/develop/raptor/build/GCC-11.1.0-RelWithDebInfo/test/data/bin3.fa
#51	/home/infri/develop/raptor/build/GCC-11.1.0-RelWithDebInfo/test/data/bin4.fa
#52	/home/infri/develop/raptor/build/GCC-11.1.0-RelWithDebInfo/test/data/bin1.fa
#53	/home/infri/develop/raptor/build/GCC-11.1.0-RelWithDebInfo/test/data/bin2.fa
#54	/home/infri/develop/raptor/build/GCC-11.1.0-RelWithDebInfo/test/data/bin3.fa
#55	/home/infri/develop/raptor/build/GCC-11.1.0-RelWithDebInfo/test/data/bin4.fa
#56	/home/infri/develop/raptor/build/GCC-11.1.0-RelWithDebInfo/test/data/bin1.fa
#57	/home/infri/develop/raptor/build/GCC-11.1.0-RelWithDebInfo/test/data/bin2.fa
#58	/home/infri/develop/raptor/build/GCC-11.1.0-RelWithDebInfo/test/data/bin3.fa
#59	/home/infri/develop/raptor/build/GCC-11.1.0-RelWithDebInfo/test/data/bin4.fa
#60	/home/infri/develop/raptor/build/GCC-11.1.0-RelWithDebInfo/test/data/bin1.fa
#61	/home/infri/develop/raptor/build/GCC-11.1.0-RelWithDebInfo/test/data/bin2.fa
#62	/home/infri/develop/raptor/build/GCC-11.1.0-RelWithDebInfo/test/data/bin3.fa
#63	/home/infri/develop/raptor/build/GCC-11.1.0-RelWithDebInfo/test/data/bin4.fa
#QUERY_NAME	USER_BINS
query1	0,1,2,4,5,6,8,9,10,12,13,14,16,17,18,20,21,22,24,25,26,28,29,30,32,33,34,36,37,38,40,41,42,44,45,46,48,49,50,52,53,54,56,57,58,60,61,62
query2	0,1,2,4,5,6,8,9,10,12,13,14,16,17,18,20,21,22,24,25,26,28,29,30,32,33,34,36,37,38,40,41,42,44,45,46,48,49,50,52,53,54,56,57,58,60,61,62
query3	0,1,2,4,5,6,8,9,10,12,13,14,16,17,18,20,21,22,24,25,26,28,29,30,32,33,34,36,37,38,40,41,42,44,45,46,48,49,50,52,53,54,56,57,58,60,61,62
