ACGATCGACTAGGAGCGAT: 1111111111111111111111111111111111111111111111111111111111111111
CGATTACGACTGACTACAT: 1110111011101110111011101110111011101110111011101110111011101110
AGCTAGCTAGAGATTCTTC: 1111111111111111111111111111111111111111111111111111111111111111
GCTAGCGATCTGATTCACG: 1111111111111111111111111111111111111111111111111111111111111111
CGTGACGTACGTATCGTAC: 1110111011101110111011101110111011101110111011101110111011101110
GTACGTGACGTACGTATCG: 1110111011101110111011101110111011101110111011101110111011101110
TACTACGTATCGTACTACA: 1111111111111111111111111111111111111111111111111111111111111111
CGTATCGTACTACATGCAT: 1111111111111111111111111111111111111111111111111111111111111111
TGACGTACGTATCGTACTA: 1110111011101110111011101110111011101110111011101110111011101110
